16:44:35 OCR dc8c2e9da7d3: 6 páginas ilegibles, 0 ya hechas, 6 pendientes, 3 trabajadores
16:45:15 Texto reconstruido (6 páginas OCR). Refrescando ficha…
16:45:22 Listo. calidad_extraccion=defectuoso · referencias=80
16:45:48 OCR dc8c2e9da7d3: 1324 páginas ilegibles, 6 ya hechas, 1324 pendientes, 4 trabajadores
16:46:53 progreso 52/1324 (3%) · restan ~26 min
16:47:43 progreso 102/1324 (7%) · restan ~23 min
16:48:12 progreso 152/1324 (11%) · restan ~18 min
16:48:51 progreso 202/1324 (15%) · restan ~17 min
16:49:30 progreso 252/1324 (19%) · restan ~16 min
16:50:37 progreso 302/1324 (22%) · restan ~16 min
16:51:08 progreso 352/1324 (26%) · restan ~15 min
16:51:52 progreso 409/1324 (30%) · restan ~14 min
16:52:27 progreso 459/1324 (34%) · restan ~13 min
16:53:10 progreso 509/1324 (38%) · restan ~12 min
16:53:48 progreso 559/1324 (42%) · restan ~11 min
16:54:22 progreso 609/1324 (45%) · restan ~10 min
16:54:54 progreso 659/1324 (49%) · restan ~9 min
16:55:32 progreso 709/1324 (53%) · restan ~8 min
16:56:19 progreso 759/1324 (57%) · restan ~8 min
16:56:48 progreso 809/1324 (61%) · restan ~7 min
16:57:22 progreso 864/1324 (65%) · restan ~6 min
16:57:57 progreso 914/1324 (69%) · restan ~5 min
16:58:31 progreso 964/1324 (72%) · restan ~5 min
16:59:07 progreso 1014/1324 (76%) · restan ~4 min
16:59:47 progreso 1064/1324 (80%) · restan ~3 min
17:00:30 progreso 1114/1324 (84%) · restan ~3 min
17:01:14 progreso 1164/1324 (87%) · restan ~2 min
17:01:48 progreso 1214/1324 (91%) · restan ~1 min
17:02:17 progreso 1264/1324 (95%) · restan ~1 min
17:02:52 progreso 1314/1324 (99%) · restan ~0 min
17:02:52 Texto reconstruido (1329 páginas OCR). Refrescando ficha…
17:02:55 Listo. calidad_extraccion=legible · referencias=80
